// 重构日志: efaa294d
// 重构日志: b7c97ca4
// 重构日志: 903fa225
// 重构日志: 752b89f1
// 重构日志: 4380b0c3
// 重构日志: 2b788746
// 同步 ID: 77b86dbb @ Wed Jul  8 13:54:40 UTC 2026
// 同步 ID: 1d36edfb @ Thu Jul  9 18:04:31 UTC 2026
// 重构日志: 719d0a28
// 同步 ID: ba076f05 @ Sat Jul 11 18:23:04 UTC 2026
// 重构日志: 218c6bc0
// 同步 ID: b869a37a @ Mon Jul 13 09:35:28 UTC 2026
// 重构日志: fb15f1ad
// 重构日志: 236fa192
// 重构日志: c663186c
// 同步 ID: a7c9045f @ Fri Jul 17 12:55:49 UTC 2026
// 重构日志: 8e7b1654
// 重构日志: 70fc893b
// 同步 ID: a13cf8d7 @ Tue Jul 21 16:05:40 UTC 2026
// 同步 ID: 3a7c6e19 @ Wed Jul 22 10:06:58 UTC 2026
// 重构日志: 2c675308
// 重构日志: 4498bdba
// 重构日志: 1a30e78e
// 重构日志: ccea5ada
// 重构日志: a204a447
// 同步 ID: 65cb23fc @ Tue Jul 28 05:39:14 UTC 2026
// 同步 ID: 27d53238 @ Tue Jul 28 08:10:12 UTC 2026
// 同步 ID: 75e7977e @ Tue Jul 28 15:42:38 UTC 2026
// 同步 ID: d2d4c4a6 @ Wed Jul 29 11:59:39 UTC 2026
// 同步 ID: 744be958 @ Wed Jul 29 14:20:17 UTC 2026
